// Jest Snapshot v1, https://goo.gl/fbAQLP

exports[`LoginForm should render correctly 1`] = `
<div
  className="sc-jrcTuL fdFQHl"
>
  <h1
    className="sc-kDvujY gJTozq"
    data-testid="test_heading"
  >
    Login
  </h1>
  <div
    className="sc-dkrFOg fkwlLo"
  >
    <label
      data-testid="test_email"
      htmlFor="email"
    >
      Email
    </label>
    <input
      className="sc-gswNZR ftHZNR"
      data-testid="test_email"
      id="email"
      name="Email"
      required={true}
      type="email"
    />
  </div>
  <div
    className="sc-dkrFOg fkwlLo"
  >
    <label
      data-testid="test_password"
      htmlFor="password"
    >
      Password
    </label>
    <input
      className="sc-gswNZR ftHZNR"
      data-testid="test_password"
      id="password"
      name="Password"
      required={true}
      type="password"
    />
  </div>
  <div
    className="sc-pyfCe dRbsPv"
  >
    <label
      data-testid="test_remember"
      htmlFor="remember"
    >
      Remember me?
    </label>
    <input
      className="sc-ftTHYK jigCOa"
      data-testid="test_remember"
      id="remember"
      type="checkbox"
    />
  </div>
  <button
    className="sc-bcXHqe iJjCPT"
    color="primary"
    data-testid="test_submit"
    onClick={[MockFunction]}
  >
    Login
  </button>
  <a
    className="sc-eDWCr jOPjxA"
  >
    Forgot password?
  </a>
  <div
    className="sc-eDvSVe llSYDy"
    data-testid="test_divider"
  >
    <hr
      className="sc-hLBbgP fdaVyi"
    />
    <p
      className="sc-jSUZER fxgfMS"
    >
      OR
    </p>
    <hr
      className="sc-hLBbgP fdaVyi"
    />
  </div>
  <div
    className="sc-iBYQkv qXJyF"
    data-testid="test_socialBtnList"
  >
    <a
      className="sc-gKPRtg fXEYBM"
      color="#e90800"
      data-testid="test_socialBtnList0"
      href="https://google.pl/"
    >
      <svg
        fill="currentColor"
        height="1em"
        stroke="currentColor"
        strokeWidth="0"
        style={
          {
            "color": undefined,
          }
        }
        viewBox="0 0 488 512"
        width="1em"
        xmlns="http://www.w3.org/2000/svg"
      >
        <path
          d="M488 261.8C488 403.3 391.1 504 248 504 110.8 504 0 393.2 0 256S110.8 8 248 8c66.8 0 123 24.5 166.3 64.9l-67.5 64.9C258.5 52.6 94.3 116.6 94.3 256c0 86.5 69.1 156.6 153.7 156.6 98.2 0 135-70.4 140.8-106.9H248v-85.3h236.1c2.3 12.7 3.9 24.9 3.9 41.4z"
        />
      </svg>
    </a>
    <a
      className="sc-gKPRtg ielPGY"
      color="#4768aa"
      data-testid="test_socialBtnList1"
      href="https://google.pl/"
    >
      <svg
        fill="currentColor"
        height="1em"
        stroke="currentColor"
        strokeWidth="0"
        style={
          {
            "color": undefined,
          }
        }
        viewBox="0 0 320 512"
        width="1em"
        xmlns="http://www.w3.org/2000/svg"
      >
        <path
          d="M279.14 288l14.22-92.66h-88.91v-60.13c0-25.35 12.42-50.06 52.24-50.06h40.42V6.26S260.43 0 225.36 0c-73.22 0-121.08 44.38-121.08 124.72v70.62H22.89V288h81.39v224h100.17V288z"
        />
      </svg>
    </a>
    <a
      className="sc-gKPRtg cNQgFw"
      color="#0068c1"
      data-testid="test_socialBtnList2"
      href="https://google.pl/"
    >
      <svg
        fill="currentColor"
        height="1em"
        stroke="currentColor"
        strokeWidth="0"
        style={
          {
            "color": undefined,
          }
        }
        viewBox="0 0 448 512"
        width="1em"
        xmlns="http://www.w3.org/2000/svg"
      >
        <path
          d="M100.28 448H7.4V148.9h92.88zM53.79 108.1C24.09 108.1 0 83.5 0 53.8a53.79 53.79 0 0 1 107.58 0c0 29.7-24.1 54.3-53.79 54.3zM447.9 448h-92.68V302.4c0-34.7-.7-79.2-48.29-79.2-48.29 0-55.69 37.7-55.69 76.7V448h-92.78V148.9h89.08v40.8h1.3c12.4-23.5 42.69-48.3 87.88-48.3 94 0 111.28 61.9 111.28 142.3V448z"
        />
      </svg>
    </a>
  </div>
  <div
    className="sc-ipEyDJ aZMVu"
    data-testid="test_textWithLink"
  >
    <p>
      Need an account?
    </p>
    <a
      className="sc-csuSiG NkRvB"
      data-testid="test_anchorTextWithLink"
      onClick={[Function]}
    >
      SIGN UP
    </a>
  </div>
</div>
`;
